// Jest Snapshot v1, https://goo.gl/fbAQLP

exports[`Review index Should render App correctly 1`] = `ShallowWrapper {}`;
